[laminogreenlae.wordpress.com/index.html]
[backblue.gif]
[fade.gif]
[index.html]
[s1.wp.com/wp-content/plugins/custom-fonts/js/webfont.js]
[laminogreenlae.wordpress.com/feed/index.html]
[s0.wp.com/wp-content/mu-plugins/global-print/global-print6805.css]
[s1.wp.com/wp-content/mu-plugins/highlander-comments/style0196.css]
[laminogreenlae.wordpress.com/comments/feed/index.html]
[laminogreenlae.wordpress.com/xmlrpc0db0.php]
[s2.wp.com/_static/index1331.html]
[laminogreenlae.wordpress.com/osd.xml]
[cinfokqwerty.files.wordpress.com/2017/05/person-smartphone-office-table.5.delayed]
[s.pubmine.com/head.js]
[laminogreenlae.files.wordpress.com/2017/05/cropped-84itji4t76ca.png]
[static.criteo.net/js/ld/publishertag.js]
[laminogreenlae.files.wordpress.com/2017/05/cropped-84itji4t9939.png]
[laminogreenlae.files.wordpress.com/2017/05/cropped-84itji4tad83.png]
[defaultcustomheadersdata.files.wordpress.com/2016/07/blur9fe8.jpg]
[laminogreenlae.files.wordpress.com/2017/05/cropped-84itji4t1.png]
[laminogreenlae.wordpress.com/category/sem-1/index.html]
[laminogreenlae.files.wordpress.com/2017/06/img_20170619_1844202666329.jpg]
[laminogreenlae.wordpress.com/category/sem3/index.html]
[laminogreenlae.files.wordpress.com/2017/06/img_20170619_1844050796329.jpg]
[laminogreenlae.wordpress.com/category/sem4/index.html]
[laminogreenlae.wordpress.com/category/sem2/index.html]
[laminogreenlae.wordpress.com/2017/05/01/cse-101-programming-in-c/index.html]
[laminogreenlae.wordpress.com/author/shobhitgoel/index.html]
[laminogreenlae.files.wordpress.com/2017/06/img_20170619_184349463.f6329.delayed]
[laminogreenlae.wordpress.com/category/uncategorized/index.html]
[laminogreenlae.wordpress.com/2017/06/28/lpu-paper-operating-systemprogramming-in-javagraphicsmobile-computingadvertisementbasic-mathematicsbasic-electronics/index.html]
[laminogreenlae.files.wordpress.com/2017/06/img_20170619_1843454246329.jpg]
[laminogreenlae.files.wordpress.com/2017/06/img_20170619_1843383076329.jpg]
[laminogreenlae.files.wordpress.com/2017/06/img_20170619_1843253306329.jpg]
[laminogreenlae.files.wordpress.com/2017/06/img_20170619_1843103316329.jpg]
[laminogreenlae.files.wordpress.com/2017/06/img_20170619_1841490066329.jpg]
[laminogreenlae.files.wordpress.com/2017/06/img_20170619_1842176506329.jpg]
[laminogreenlae.files.wordpress.com/2017/06/img_20170619_1841012146329.jpg]
[laminogreenlae.files.wordpress.com/2017/06/img_20170619_1840489966329.jpg]
[laminogreenlae.files.wordpress.com/2017/06/img_20170619_1840388236329.jpg]
[laminogreenlae.files.wordpress.com/2017/06/img_20170619_1844252406329.jpg]
[laminogreenlae.files.wordpress.com/2017/06/img_20170619_1844455806329.jpg]
[laminogreenlae.files.wordpress.com/2017/06/img_20170619_1845039016329.jpg]
[laminogreenlae.files.wordpress.com/2017/06/img_20170619_1845149816329.jpg]
[laminogreenlae.files.wordpress.com/2017/06/img_20170619_1840251866329.jpg]
[laminogreenlae.files.wordpress.com/2017/06/img_20170619_1840138876329.jpg]
[laminogreenlae.files.wordpress.com/2017/06/img_20170619_1840048006329.jpg]
[laminogreenlae.files.wordpress.com/2017/06/img_20170619_1839572666329.jpg]
[laminogreenlae.files.wordpress.com/2017/06/img_20170619_1839178286329.jpg]
[laminogreenlae.files.wordpress.com/2017/06/img_20170619_1839115156329.jpg]
[laminogreenlae.files.wordpress.com/2017/06/img_20170619_1839029466329.jpg]
[laminogreenlae.files.wordpress.com/2017/06/img_20170619_1838577986329.jpg]
[laminogreenlae.files.wordpress.com/2017/06/img_20170619_1838495306329.jpg]
[laminogreenlae.files.wordpress.com/2017/06/img_20170619_1838450306329.jpg]
[laminogreenlae.files.wordpress.com/2017/06/img_20170619_1838330236329.jpg]
[laminogreenlae.files.wordpress.com/2017/06/img_20170619_1838252606329.jpg]
[laminogreenlae.files.wordpress.com/2017/06/img_20170619_1835507656329.jpg]
[laminogreenlae.files.wordpress.com/2017/06/img_20170619_1835554976329.jpg]
[laminogreenlae.files.wordpress.com/2017/06/img_20170619_1836018646329.jpg]
[laminogreenlae.files.wordpress.com/2017/06/img_20170619_1836502366329.jpg]
[laminogreenlae.files.wordpress.com/2017/06/img_20170619_1836177606329.jpg]
[laminogreenlae.files.wordpress.com/2017/06/img_20170619_1837052516329.jpg]
[laminogreenlae.files.wordpress.com/2017/06/img_20170619_1837197886329.jpg]
[laminogreenlae.files.wordpress.com/2017/06/img_20170619_1837254796329.jpg]
[laminogreenlae.files.wordpress.com/2017/06/img_20170619_1837544956329.jpg]
[laminogreenlae.files.wordpress.com/2017/06/img_20170619_1838028756329.jpg]
[laminogreenlae.files.wordpress.com/2017/06/img_20170619_1838078376329.jpg]
[laminogreenlae.files.wordpress.com/2017/06/img_20170619_1838177086329.jpg]
[laminogreenlae.files.wordpress.com/2017/06/img_20170619_1835423866329.jpg]
[laminogreenlae.files.wordpress.com/2017/06/img_20170619_1835334926329.jpg]
[laminogreenlae.files.wordpress.com/2017/06/img_20170619_1835255386329.jpg]
[laminogreenlae.files.wordpress.com/2017/06/img_20170619_1835094586329.jpg]
[laminogreenlae.files.wordpress.com/2017/06/img_20170616_1919340146329.jpg]
[laminogreenlae.files.wordpress.com/2017/06/img_20170616_1919191316329.jpg]
[laminogreenlae.files.wordpress.com/2017/06/img_20170616_1919050696329.jpg]
[laminogreenlae.files.wordpress.com/2017/06/img_20170616_1918557956329.jpg]
[laminogreenlae.files.wordpress.com/2017/06/img_20170615_2240430396329.jpg]
[laminogreenlae.files.wordpress.com/2017/06/img_20170615_2240355446329.jpg]
[laminogreenlae.files.wordpress.com/2017/06/img_20170615_2240221886329.jpg]
[laminogreenlae.files.wordpress.com/2017/06/img_20170619_18455090889e2.jpg]
[laminogreenlae.wordpress.com/tag/basic-electronics/index.html]
[laminogreenlae.files.wordpress.com/2017/06/img_20170619_18454465189e2.jpg]
[laminogreenlae.wordpress.com/tag/advertisement/index.html]
[laminogreenlae.wordpress.com/tag/basic-mathematics/index.html]
[laminogreenlae.wordpress.com/tag/graphics/index.html]
[laminogreenlae.wordpress.com/tag/mobile-computing/index.html]
[laminogreenlae.files.wordpress.com/2017/06/img_20170619_1846260726329.jpg]
[laminogreenlae.wordpress.com/tag/operating-system/index.html]
[laminogreenlae.wordpress.com/tag/programming-in-java/index.html]
[laminogreenlae.wordpress.com/2017/06/19/lpu-compiler-design-paper-ete/index.html]
[laminogreenlae.wordpress.com/2017/06/19/lpu-complex-algebra-ete-paper/index.html]
[laminogreenlae.files.wordpress.com/2017/06/img_20170619_1846234586329.jpg]
[laminogreenlae.wordpress.com/img_20170619_184550908/index.html]
[laminogreenlae.wordpress.com/2017/06/19/lpu-complex-algebra-ete-paper/img_20170619_184544651/index.html]
[laminogreenlae.wordpress.com/2017/06/19/lpu-programming-in-java-ete-paper/index.html]
[laminogreenlae.files.wordpress.com/2017/06/img_20170619_1846215756329.jpg]
[laminogreenlae.files.wordpress.com/2017/06/img_20170619_1846160756329.jpg]
[laminogreenlae.wordpress.com/2017/06/19/lpu-operating-system-papers-cse-316/index.html]
[laminogreenlae.files.wordpress.com/2017/06/img_20170619_1845298206329.jpg]
[laminogreenlae.files.wordpress.com/2017/06/img_20170619_1845260026329.jpg]
[laminogreenlae.files.wordpress.com/2017/06/img_20170619_1847406596329.jpg]
[laminogreenlae.files.wordpress.com/2017/06/img_20170619_1847332446329.jpg]
[laminogreenlae.files.wordpress.com/2017/06/img_20170619_1847268516329.jpg]
[laminogreenlae.files.wordpress.com/2017/06/img_20170619_1847216366329.jpg]
[laminogreenlae.files.wordpress.com/2017/06/img_20170619_1849339736329.jpg]
[laminogreenlae.wordpress.com/2017/06/19/lpu-software-engineering-paper-ete/index.html]
[laminogreenlae.files.wordpress.com/2017/06/img_20170619_1849280836329.jpg]
[laminogreenlae.files.wordpress.com/2017/06/img_20170619_1849088276329.jpg]
[laminogreenlae.wordpress.com/2017/06/19/lpu-computer-organization-and-design-end-term-paper/index.html]
[laminogreenlae.files.wordpress.com/2017/06/img_20170619_1849402806329.jpg]
[laminogreenlae.files.wordpress.com/2017/06/img_20170619_1849230316329.jpg]
[0.gravatar.com/js/gprofilesdb87.js]
[laminogreenlae.wordpress.com/page/2/index.html]
[s1.wp.com/wp-content/mu-plugins/gravatar-hovercards/wpgrohoc3b6.js]
[laminogreenlae.wordpress.com/2017/06/index.html]
[s1.wp.com/wp-content/mu-plugins/carousel/jetpack-carouselaccd.css]
[s2.wp.com/_static/index1575.html]
[s1.wp.com/wp-content/mu-plugins/tiled-gallery/tiled-galleryf830.css]
[platform.twitter.com/widgets4443.js]
[laminogreenlae.wordpress.com/wp-content/plugins/ie-sitemode/custom-jumplist.php]
[stats.wp.com/w9f61.js]
[s.skimresources.com/js/725X1342.skimlinks.js]
[pixel.wp.com/b0b80.gif]
[laminogreenlae.wordpress.com/index.html]
[s1.wp.com/wp-content/plugins/custom-fonts/js/webfont.js]
[s0.wp.com/wp-content/mu-plugins/global-print/global-print6805.css]
[s2.wp.com/_static/index1331.html]
[s1.wp.com/wp-content/mu-plugins/post-flair/sharing/images/icon-wordpress.png]
[s1.wp.com/wp-content/mu-plugins/post-flair/sharing/images/icon-twitter.png]
[s1.wp.com/wp-content/mu-plugins/post-flair/sharing/images/icon-facebook.png]
[s1.wp.com/wp-content/mu-plugins/post-flair/sharing/images/googleplus1.png]
[s1.wp.com/wp-content/mu-plugins/post-flair/sharing/images/icon-wordpress-2x.png]
[s1.wp.com/wp-content/mu-plugins/post-flair/sharing/images/icon-twitter-2x.png]
[s1.wp.com/wp-content/mu-plugins/post-flair/sharing/images/icon-facebook-2x.png]
[s1.wp.com/wp-content/mu-plugins/post-flair/sharing/images/googleplus1@2x.png]
[s1.wp.com/wp-content/mu-plugins/highlander-comments/images/postto-buttons.png]
[s1.wp.com/wp-content/mu-plugins/highlander-comments/images/button-back.gif]
[s1.wp.com/wp-content/mu-plugins/highlander-comments/images/button-back-over.gif]
[s1.wp.com/wp-content/mu-plugins/highlander-comments/images/loader.gif]
[s1.wp.com/wp-content/mu-plugins/highlander-comments/style0196.css]
[cinfokqwerty.files.wordpress.com/2017/05/person-smartphone-office-table.html]
[laminogreenlae.wordpress.com/category/sem-1/index.html]
[laminogreenlae.files.wordpress.com/2017/05/1x4-de-mux7556.jpg]
[laminogreenlae.wordpress.com/category/sem-1/feed/index.html]
[laminogreenlae.wordpress.com/category/sem3/feed/index.html]
[laminogreenlae.wordpress.com/2017/05/01/lpu-dbms-notes/index.html]
[laminogreenlae.wordpress.com/tag/3sem-4sem/index.html]
[laminogreenlae.wordpress.com/tag/2ndyearnotes/index.html]
[laminogreenlae.files.wordpress.com/2017/05/2x4-line-active-low-decoder-using7556.jpg]
[laminogreenlae.wordpress.com/tag/lpu-lpunotes-studynotes-lastnightstudy-notes/index.html]
[laminogreenlae.wordpress.com/2017/05/01/lpu-notes-computer-organisation-and-design/index.html]
[laminogreenlae.files.wordpress.com/2017/05/3x8-line-decoder-truth-table7556.jpg]
[laminogreenlae.files.wordpress.com/2017/05/3x8-line-decoder7556.jpg]
[laminogreenlae.files.wordpress.com/2017/05/4x2-line-encoder7556.jpg]
[laminogreenlae.files.wordpress.com/2017/05/4x8-line-decoder-truth-table7556.jpg]
[laminogreenlae.files.wordpress.com/2017/05/4x16-line-decoder-ckt-diag7556.jpg]
[laminogreenlae.files.wordpress.com/2017/05/5x32-line-decoder-truth-table7556.jpg]
[laminogreenlae.files.wordpress.com/2017/05/5x32-line-decoder7556.png]
[laminogreenlae.files.wordpress.com/2017/05/asynchronous-serial-communication7556.gif]
[laminogreenlae.files.wordpress.com/2017/05/decimal-binary-gray7556.jpg]
[laminogreenlae.files.wordpress.com/2017/05/five-2x4-4x16-line-decoder7556.jpg]
[laminogreenlae.files.wordpress.com/2017/05/k-map7556.jpg]
[laminogreenlae.wordpress.com/category/sem3/index.html]
[laminogreenlae.wordpress.com/category/sem4/feed/index.html]
[laminogreenlae.wordpress.com/2017/05/02/aptitute-notes/index.html]
[laminogreenlae.files.wordpress.com/2017/05/p_20160516_14401660d1.jpg]
[laminogreenlae.wordpress.com/2017/05/02/automata-notes-after-mte/index.html]
[laminogreenlae.files.wordpress.com/2017/05/p_20160516_144034fca6.jpg]
[laminogreenlae.wordpress.com/p_20160516_144016/index.html]
[laminogreenlae.wordpress.com/p_20160516_144034/index.html]
[laminogreenlae.wordpress.com/p_20160516_144044/index.html]
[laminogreenlae.files.wordpress.com/2017/05/p_20160516_1440440b47.jpg]
[laminogreenlae.files.wordpress.com/2017/05/p_20160516_14410660d1.jpg]
[laminogreenlae.wordpress.com/p_20160516_144106/index.html]
[laminogreenlae.wordpress.com/p_20160516_144115/index.html]
[laminogreenlae.files.wordpress.com/2017/05/p_20160516_144115fca6.jpg]
[laminogreenlae.wordpress.com/p_20160516_144139_hdr/index.html]
[laminogreenlae.files.wordpress.com/2017/05/p_20160516_144139_hdr3a08.jpg]
[laminogreenlae.wordpress.com/p_20160516_144150_hdr/index.html]
[laminogreenlae.files.wordpress.com/2017/05/p_20160516_144150_hdraffb.jpg]
[laminogreenlae.files.wordpress.com/2017/05/p_20160516_144208_hdraffb.jpg]
[laminogreenlae.wordpress.com/p_20160516_144208_hdr/index.html]
[laminogreenlae.files.wordpress.com/2017/05/p_20160516_144221_hdraffb.jpg]
[laminogreenlae.wordpress.com/p_20160516_144221_hdr/index.html]
[laminogreenlae.files.wordpress.com/2017/05/p_20160516_144259affb.jpg]
[laminogreenlae.wordpress.com/p_20160516_144259/index.html]
[laminogreenlae.wordpress.com/p_20160516_144307/index.html]
[laminogreenlae.files.wordpress.com/2017/05/p_20160516_144307affb.jpg]
[laminogreenlae.files.wordpress.com/2017/05/p_20160516_144316affb.jpg]
[laminogreenlae.wordpress.com/p_20160516_144316/index.html]
[laminogreenlae.files.wordpress.com/2017/05/p_20160516_144324affb.jpg]
[laminogreenlae.wordpress.com/p_20160516_144324/index.html]
[laminogreenlae.files.wordpress.com/2017/05/p_20160516_1443333a08.jpg]
[laminogreenlae.wordpress.com/p_20160516_144333/index.html]
[laminogreenlae.files.wordpress.com/2017/05/p_20160516_144349a594.jpg]
[laminogreenlae.wordpress.com/p_20160516_144349/index.html]
[laminogreenlae.files.wordpress.com/2017/05/p_20160516_144431c9e5.jpg]
[laminogreenlae.wordpress.com/p_20160516_144431/index.html]
[laminogreenlae.files.wordpress.com/2017/05/p_20160516_1445203a08.jpg]
[laminogreenlae.wordpress.com/p_20160516_144520/index.html]
[laminogreenlae.files.wordpress.com/2017/05/p_20160516_144606affb.jpg]
[laminogreenlae.wordpress.com/p_20160516_144606/index.html]
[laminogreenlae.files.wordpress.com/2017/05/p_20160516_144617affb.jpg]
[laminogreenlae.wordpress.com/p_20160516_144617/index.html]
[laminogreenlae.files.wordpress.com/2017/05/p_20160516_144630affb.jpg]
[laminogreenlae.wordpress.com/p_20160516_144630/index.html]
[laminogreenlae.files.wordpress.com/2017/05/p_20160516_144639affb.jpg]
[laminogreenlae.wordpress.com/p_20160516_144639/index.html]
[laminogreenlae.files.wordpress.com/2017/05/p_20160516_144938affb.jpg]
[laminogreenlae.wordpress.com/p_20160516_144938/index.html]
[laminogreenlae.files.wordpress.com/2017/05/p_20160516_144955affb.jpg]
[laminogreenlae.wordpress.com/p_20160516_144955/index.html]
[laminogreenlae.wordpress.com/p_20160516_145004/index.html]
[laminogreenlae.files.wordpress.com/2017/05/p_20160516_145004affb.jpg]
[laminogreenlae.files.wordpress.com/2017/05/p_20160516_1450163a08.jpg]
[laminogreenlae.wordpress.com/p_20160516_145016/index.html]
[laminogreenlae.files.wordpress.com/2017/05/p_20160516_145026a594.jpg]
[laminogreenlae.wordpress.com/p_20160516_145026/index.html]
[laminogreenlae.files.wordpress.com/2017/05/p_20160516_145133c9e5.jpg]
[laminogreenlae.wordpress.com/p_20160516_145133/index.html]
[laminogreenlae.files.wordpress.com/2017/05/p_20160516_145159a281.jpg]
[laminogreenlae.wordpress.com/p_20160516_145159/index.html]
[laminogreenlae.files.wordpress.com/2017/05/p_20160516_14520940fc.jpg]
[laminogreenlae.wordpress.com/p_20160516_145209/index.html]
[laminogreenlae.files.wordpress.com/2017/05/p_20160516_14521740fc.jpg]
[laminogreenlae.wordpress.com/p_20160516_145217/index.html]
[laminogreenlae.files.wordpress.com/2017/05/p_20160516_14523143be.jpg]
[laminogreenlae.wordpress.com/p_20160516_145231/index.html]
[laminogreenlae.files.wordpress.com/2017/05/p_20160516_1452373a08.jpg]
[laminogreenlae.wordpress.com/p_20160516_145237/index.html]
[laminogreenlae.files.wordpress.com/2017/05/p_20160516_145248affb.jpg]
[laminogreenlae.wordpress.com/p_20160516_145248/index.html]
[laminogreenlae.files.wordpress.com/2017/05/p_20160516_145259affb.jpg]
[laminogreenlae.wordpress.com/p_20160516_145259/index.html]
[laminogreenlae.files.wordpress.com/2017/05/p_20160516_145320592e.jpg]
[laminogreenlae.wordpress.com/p_20160516_145320/index.html]
[laminogreenlae.files.wordpress.com/2017/05/p_20160516_145330cd3f.jpg]
[laminogreenlae.wordpress.com/p_20160516_145330/index.html]
[laminogreenlae.wordpress.com/p_20160516_145337/index.html]
[laminogreenlae.files.wordpress.com/2017/05/p_20160516_145337fced.jpg]
[laminogreenlae.wordpress.com/2017/05/02/computer-networks-notes/index.html]
[laminogreenlae.files.wordpress.com/2017/05/img_20160509_2238527556.jpg]
[laminogreenlae.wordpress.com/2017/05/02/dbms-notes/index.html]
[laminogreenlae.wordpress.com/2017/05/02/lpu-java-notes/index.html]
[laminogreenlae.wordpress.com/2017/05/02/java-programs/index.html]
[laminogreenlae.wordpress.com/2017/05/02/lpu-complex-alzebra-notes/index.html]
[laminogreenlae.files.wordpress.com/2017/05/img_20160509_2239107556.jpg]
[laminogreenlae.files.wordpress.com/2017/05/img_20160509_2239197556.jpg]
[laminogreenlae.files.wordpress.com/2017/05/img_20160509_2239257556.jpg]
[laminogreenlae.files.wordpress.com/2017/05/img_20160509_2239467556.jpg]
[laminogreenlae.files.wordpress.com/2017/05/img_20160509_2240287556.jpg]
[laminogreenlae.files.wordpress.com/2017/05/img_20160509_2240497556.jpg]
[laminogreenlae.files.wordpress.com/2017/05/img_20160509_2241057556.jpg]
[laminogreenlae.files.wordpress.com/2017/05/img_20160509_2241237556.jpg]
[laminogreenlae.files.wordpress.com/2017/05/img_20160509_2241337556.jpg]
[laminogreenlae.files.wordpress.com/2017/05/img_20160509_2241507556.jpg]
[laminogreenlae.files.wordpress.com/2017/05/img_20160509_2242457556.jpg]
[laminogreenlae.files.wordpress.com/2017/05/img_20160509_2242567556.jpg]
[laminogreenlae.files.wordpress.com/2017/05/img_20160509_2243057556.jpg]
[laminogreenlae.files.wordpress.com/2017/05/img_20160509_2243377556.jpg]
[laminogreenlae.files.wordpress.com/2017/05/img_20160509_2244507556.jpg]
[laminogreenlae.files.wordpress.com/2017/05/img_20160509_2245107556.jpg]
[laminogreenlae.files.wordpress.com/2017/05/img_20160509_2245357556.jpg]
[laminogreenlae.files.wordpress.com/2017/05/img_20160509_2245477556.jpg]
[laminogreenlae.files.wordpress.com/2017/05/wp_20140304_0047556.jpg]
[laminogreenlae.files.wordpress.com/2017/05/wp_20140304_0057556.jpg]
[laminogreenlae.files.wordpress.com/2017/05/wp_20140304_0067556.jpg]
[laminogreenlae.files.wordpress.com/2017/05/wp_20140304_0077556.jpg]
[laminogreenlae.files.wordpress.com/2017/05/wp_20140304_0087556.jpg]
[laminogreenlae.files.wordpress.com/2017/05/wp_20140304_0097556.jpg]
[laminogreenlae.files.wordpress.com/2017/05/wp_20140304_0107556.jpg]
[laminogreenlae.files.wordpress.com/2017/05/wp_20140304_0117556.jpg]
[laminogreenlae.files.wordpress.com/2017/05/wp_20140304_0127556.jpg]
[laminogreenlae.files.wordpress.com/2017/05/wp_20140304_0137556.jpg]
[laminogreenlae.files.wordpress.com/2017/05/wp_20140304_0147556.jpg]
[laminogreenlae.files.wordpress.com/2017/05/wp_20140304_0157556.jpg]
[laminogreenlae.files.wordpress.com/2017/05/wp_20140304_0167556.jpg]
[laminogreenlae.files.wordpress.com/2017/05/wp_20140304_0177556.jpg]
[laminogreenlae.files.wordpress.com/2017/05/wp_20140304_0187556.jpg]
[laminogreenlae.files.wordpress.com/2017/05/wp_20140304_0197556.jpg]
[laminogreenlae.files.wordpress.com/2017/05/wp_20140304_0207556.jpg]
[laminogreenlae.files.wordpress.com/2017/05/wp_20140304_0217556.jpg]
[laminogreenlae.files.wordpress.com/2017/05/wp_20140304_0227556.jpg]
[laminogreenlae.files.wordpress.com/2017/05/wp_20140304_0237556.jpg]
[laminogreenlae.files.wordpress.com/2017/05/wp_20140304_0247556.jpg]
[laminogreenlae.files.wordpress.com/2017/05/wp_20140304_0257556.jpg]
[laminogreenlae.files.wordpress.com/2017/05/wp_20140304_0267556.jpg]
[laminogreenlae.files.wordpress.com/2017/05/wp_20140304_0277556.jpg]
[laminogreenlae.files.wordpress.com/2017/05/wp_20140304_0287556.jpg]
[laminogreenlae.files.wordpress.com/2017/05/wp_20140304_0297556.jpg]
[laminogreenlae.files.wordpress.com/2017/05/wp_20140304_0307556.jpg]
[laminogreenlae.files.wordpress.com/2017/05/wp_20140304_0317556.jpg]
[laminogreenlae.files.wordpress.com/2017/05/wp_20140304_0327556.jpg]
[laminogreenlae.files.wordpress.com/2017/05/wp_20140304_0337556.jpg]
[laminogreenlae.files.wordpress.com/2017/05/wp_20140304_0347556.jpg]
[laminogreenlae.files.wordpress.com/2017/05/wp_20140304_0357556.jpg]
[laminogreenlae.files.wordpress.com/2017/05/wp_20140304_0367556.jpg]
[laminogreenlae.files.wordpress.com/2017/05/wp_20140304_0377556.jpg]
[laminogreenlae.files.wordpress.com/2017/05/wp_20140304_0387556.jpg]
[laminogreenlae.files.wordpress.com/2017/05/wp_20140304_0397556.jpg]
[laminogreenlae.wordpress.com/category/sem4/index.html]
[laminogreenlae.wordpress.com/category/sem2/index.html]
[laminogreenlae.wordpress.com/category/sem2/feed/index.html]
[laminogreenlae.wordpress.com/category/sem4/page/2/index.html]
[laminogreenlae.wordpress.com/2017/05/01/cse-101-programming-in-c/index.html]
[laminogreenlae.wordpress.com/2017/05/01/first-blog-post/index.html]
[laminogreenlae.wordpress.com/2017/05/01/cse-101-programming-in-c/amp/index.html]
[laminogreenlae.wordpress.com/2017/05/01/programming-in-c/index.html]
[laminogreenlae.wordpress.com/2017/05/01/cse-101-programming-in-c/feed/index.html]
[laminogreenlae.files.wordpress.com/2017/06/img_20170619_1844202667556.jpg]
[laminogreenlae.wordpress.com/2017/05/02/index.html]
[laminogreenlae.wordpress.com/author/shobhitgoel/feed/index.html]
[laminogreenlae.wordpress.com/2017/05/01/index.html]
[laminogreenlae.files.wordpress.com/2017/06/img_20170619_1844050797556.jpg]
[laminogreenlae.files.wordpress.com/2017/06/img_20170619_1843494637556.jpg]
[laminogreenlae.files.wordpress.com/2017/06/img_20170619_1843454247556.jpg]
[laminogreenlae.files.wordpress.com/2017/06/img_20170619_1843383077556.jpg]
[laminogreenlae.files.wordpress.com/2017/06/img_20170619_1843253307556.jpg]
[laminogreenlae.files.wordpress.com/2017/06/img_20170619_1843103317556.jpg]
[laminogreenlae.files.wordpress.com/2017/06/img_20170619_1841490067556.jpg]
[laminogreenlae.files.wordpress.com/2017/06/img_20170619_1842176507556.jpg]
[laminogreenlae.files.wordpress.com/2017/06/img_20170619_1841012147556.jpg]
[laminogreenlae.files.wordpress.com/2017/06/img_20170619_1840489967556.jpg]
[laminogreenlae.files.wordpress.com/2017/06/img_20170619_1840388237556.jpg]
[laminogreenlae.files.wordpress.com/2017/06/img_20170619_1844252407556.jpg]
[laminogreenlae.files.wordpress.com/2017/06/img_20170619_1844455807556.jpg]
[laminogreenlae.files.wordpress.com/2017/06/img_20170619_1845039017556.jpg]
[laminogreenlae.files.wordpress.com/2017/06/img_20170619_1845149817556.jpg]
[laminogreenlae.files.wordpress.com/2017/06/img_20170619_1840251867556.jpg]
[laminogreenlae.files.wordpress.com/2017/06/img_20170619_1840138877556.jpg]
[laminogreenlae.files.wordpress.com/2017/06/img_20170619_1840048007556.jpg]
[laminogreenlae.files.wordpress.com/2017/06/img_20170619_1839572667556.jpg]
[laminogreenlae.files.wordpress.com/2017/06/img_20170619_1839178287556.jpg]
[laminogreenlae.files.wordpress.com/2017/06/img_20170619_1839115157556.jpg]
[laminogreenlae.files.wordpress.com/2017/06/img_20170619_1839029467556.jpg]
[laminogreenlae.files.wordpress.com/2017/06/img_20170619_1838577987556.jpg]
[laminogreenlae.files.wordpress.com/2017/06/img_20170619_1838495307556.jpg]
[laminogreenlae.files.wordpress.com/2017/06/img_20170619_1838450307556.jpg]
[laminogreenlae.files.wordpress.com/2017/06/img_20170619_1838330237556.jpg]
[laminogreenlae.files.wordpress.com/2017/06/img_20170619_1838252607556.jpg]
[laminogreenlae.files.wordpress.com/2017/06/img_20170619_1835507657556.jpg]
[laminogreenlae.files.wordpress.com/2017/06/img_20170619_1835554977556.jpg]
[laminogreenlae.files.wordpress.com/2017/06/img_20170619_1836018647556.jpg]
[laminogreenlae.files.wordpress.com/2017/06/img_20170619_1836502367556.jpg]
[laminogreenlae.files.wordpress.com/2017/06/img_20170619_1836177607556.jpg]
[laminogreenlae.files.wordpress.com/2017/06/img_20170619_1837052517556.jpg]
[laminogreenlae.files.wordpress.com/2017/06/img_20170619_1837197887556.jpg]
[laminogreenlae.files.wordpress.com/2017/06/img_20170619_1837254797556.jpg]
[laminogreenlae.files.wordpress.com/2017/06/img_20170619_1837544957556.jpg]
[laminogreenlae.files.wordpress.com/2017/06/img_20170619_1838028757556.jpg]
[laminogreenlae.files.wordpress.com/2017/06/img_20170619_1838078377556.jpg]
[laminogreenlae.files.wordpress.com/2017/06/img_20170619_1838177087556.jpg]
[laminogreenlae.files.wordpress.com/2017/06/img_20170619_1835423867556.jpg]
[laminogreenlae.files.wordpress.com/2017/06/img_20170619_1835334927556.jpg]
[laminogreenlae.files.wordpress.com/2017/06/img_20170619_1835255387556.jpg]
[laminogreenlae.files.wordpress.com/2017/06/img_20170619_1835094587556.jpg]
[laminogreenlae.files.wordpress.com/2017/06/img_20170616_1919340147556.jpg]
[laminogreenlae.files.wordpress.com/2017/06/img_20170616_1919191317556.jpg]
[laminogreenlae.files.wordpress.com/2017/06/img_20170616_1919050697556.jpg]
[laminogreenlae.files.wordpress.com/2017/06/img_20170616_1918557957556.jpg]
[laminogreenlae.files.wordpress.com/2017/06/img_20170615_2240430397556.jpg]
[laminogreenlae.files.wordpress.com/2017/06/img_20170615_2240355447556.jpg]
[laminogreenlae.files.wordpress.com/2017/06/img_20170615_2240221887556.jpg]
[laminogreenlae.files.wordpress.com/2017/06/img_20170619_184550908b8c3.jpg]
[laminogreenlae.files.wordpress.com/2017/06/img_20170619_1845446514675.jpg]
[laminogreenlae.files.wordpress.com/2017/06/img_20170619_1846260727556.jpg]
[laminogreenlae.files.wordpress.com/2017/06/img_20170619_1846234587556.jpg]
[laminogreenlae.files.wordpress.com/2017/06/img_20170619_1846215757556.jpg]
[laminogreenlae.files.wordpress.com/2017/06/img_20170619_1846160757556.jpg]
[laminogreenlae.files.wordpress.com/2017/06/img_20170619_1845298207556.jpg]
[laminogreenlae.files.wordpress.com/2017/06/img_20170619_1845260027556.jpg]
[laminogreenlae.files.wordpress.com/2017/06/img_20170619_1847406597556.html]
[laminogreenlae.wordpress.com/author/shobhitgoel/index.html]
[laminogreenlae.wordpress.com/category/uncategorized/index.html]
[laminogreenlae.wordpress.com/2017/06/28/lpu-paper-operating-systemprogramming-in-javagraphicsmobile-computingadvertisementbasic-mathematicsbasic-electronics/index.html]
[laminogreenlae.wordpress.com/tag/advertisement/index.html]
[laminogreenlae.wordpress.com/tag/basic-electronics/index.html]
[laminogreenlae.wordpress.com/tag/basic-mathematics/index.html]
[laminogreenlae.wordpress.com/tag/graphics/index.html]
[laminogreenlae.wordpress.com/tag/mobile-computing/index.html]
[laminogreenlae.wordpress.com/tag/operating-system/index.html]
[laminogreenlae.wordpress.com/tag/programming-in-java/index.html]
[laminogreenlae.wordpress.com/2017/06/19/lpu-compiler-design-paper-ete/index.html]
[laminogreenlae.wordpress.com/2017/06/19/lpu-complex-algebra-ete-paper/index.html]
[laminogreenlae.wordpress.com/img_20170619_184550908/index.html]
[laminogreenlae.wordpress.com/2017/06/19/lpu-complex-algebra-ete-paper/img_20170619_184544651/index.html]
[laminogreenlae.wordpress.com/2017/06/19/lpu-programming-in-java-ete-paper/index.html]
[laminogreenlae.wordpress.com/2017/06/19/lpu-operating-system-papers-cse-316/index.html]
[laminogreenlae.wordpress.com/2017/06/19/lpu-software-engineering-paper-ete/index.html]
[laminogreenlae.wordpress.com/2017/06/19/lpu-computer-organization-and-design-end-term-paper/index.html]
[laminogreenlae.wordpress.com/page/2/index.html]
[laminogreenlae.wordpress.com/2017/06/index.html]
[0.gravatar.com/js/gprofilesdb87.js]
[s1.wp.com/wp-content/mu-plugins/gravatar-hovercards/wpgrohoc3b6.js]
[s2.wp.com/_static/index1575.html]
[s1.wp.com/wp-content/mu-plugins/carousel/jetpack-carouselaccd.css]
[s1.wp.com/wp-content/mu-plugins/tiled-gallery/tiled-galleryf830.css]
[stats.wp.com/w9f61.js]
[laminogreenlae.wordpress.com/2017/05/01/lpu-dbms-notes/index.html]
[laminogreenlae.wordpress.com/tag/2ndyearnotes/index.html]
[laminogreenlae.wordpress.com/tag/3sem-4sem/index.html]
[laminogreenlae.wordpress.com/tag/lpu-lpunotes-studynotes-lastnightstudy-notes/index.html]
[laminogreenlae.wordpress.com/2017/05/01/lpu-notes-computer-organisation-and-design/index.html]
[laminogreenlae.wordpress.com/2017/05/02/aptitute-notes/index.html]
[laminogreenlae.wordpress.com/2017/05/02/automata-notes-after-mte/index.html]
[laminogreenlae.wordpress.com/p_20160516_144016/index.html]
[laminogreenlae.wordpress.com/p_20160516_144034/index.html]
[laminogreenlae.wordpress.com/p_20160516_144044/index.html]
[laminogreenlae.wordpress.com/p_20160516_144106/index.html]
[laminogreenlae.wordpress.com/p_20160516_144115/index.html]
[laminogreenlae.wordpress.com/p_20160516_144139_hdr/index.html]
[laminogreenlae.wordpress.com/p_20160516_144150_hdr/index.html]
[laminogreenlae.wordpress.com/p_20160516_144208_hdr/index.html]
[laminogreenlae.wordpress.com/p_20160516_144221_hdr/index.html]
[laminogreenlae.wordpress.com/p_20160516_144259/index.html]
[laminogreenlae.wordpress.com/p_20160516_144307/index.html]
[laminogreenlae.wordpress.com/p_20160516_144316/index.html]
[laminogreenlae.wordpress.com/p_20160516_144324/index.html]
[laminogreenlae.wordpress.com/p_20160516_144333/index.html]
[laminogreenlae.wordpress.com/p_20160516_144349/index.html]
[laminogreenlae.wordpress.com/p_20160516_144431/index.html]
[laminogreenlae.wordpress.com/p_20160516_144520/index.html]
[laminogreenlae.wordpress.com/p_20160516_144606/index.html]
[laminogreenlae.wordpress.com/p_20160516_144617/index.html]
[laminogreenlae.wordpress.com/p_20160516_144630/index.html]
[laminogreenlae.wordpress.com/p_20160516_144639/index.html]
[laminogreenlae.wordpress.com/p_20160516_144938/index.html]
[laminogreenlae.wordpress.com/p_20160516_144955/index.html]
[laminogreenlae.wordpress.com/p_20160516_145004/index.html]
[laminogreenlae.wordpress.com/p_20160516_145016/index.html]
[laminogreenlae.wordpress.com/p_20160516_145026/index.html]
[laminogreenlae.wordpress.com/p_20160516_145133/index.html]
[laminogreenlae.wordpress.com/p_20160516_145159/index.html]
[laminogreenlae.wordpress.com/p_20160516_145209/index.html]
[laminogreenlae.wordpress.com/p_20160516_145217/index.html]
[laminogreenlae.wordpress.com/p_20160516_145231/index.html]
[laminogreenlae.wordpress.com/p_20160516_145237/index.html]
[laminogreenlae.wordpress.com/p_20160516_145248/index.html]
[laminogreenlae.wordpress.com/p_20160516_145259/index.html]
[laminogreenlae.wordpress.com/p_20160516_145320/index.html]
[laminogreenlae.wordpress.com/p_20160516_145330/index.html]
[laminogreenlae.wordpress.com/p_20160516_145337/index.html]
[laminogreenlae.wordpress.com/2017/05/02/computer-networks-notes/index.html]
[laminogreenlae.wordpress.com/2017/05/02/dbms-notes/index.html]
[laminogreenlae.wordpress.com/2017/05/02/java-programs/index.html]
[laminogreenlae.wordpress.com/2017/05/02/lpu-java-notes/index.html]
[laminogreenlae.wordpress.com/2017/05/02/lpu-complex-alzebra-notes/index.html]
[laminogreenlae.wordpress.com/category/sem4/page/2/index.html]
[laminogreenlae.wordpress.com/2017/05/01/first-blog-post/index.html]
[laminogreenlae.wordpress.com/2017/05/01/programming-in-c/index.html]
[laminogreenlae.wordpress.com/xmlrpc.php]
[laminogreenlae.wordpress.com/2017/05/01/cse-101-programming-in-c/amp/index.html]
[laminogreenlae.wordpress.com/2017/05/01/cse-101-programming-in-c/index9a7b.html]
[laminogreenlae.wordpress.com/2017/05/01/cse-101-programming-in-c/index5a58.html]
[laminogreenlae.wordpress.com/2017/05/01/cse-101-programming-in-c/index386f.html]
[laminogreenlae.wordpress.com/2017/05/01/index.html]
[laminogreenlae.wordpress.com/2017/05/02/index.html]
